
> ksa-leidingsapp@0.1.0 build
> tsc && vite build

src/contexts/DrinkContext.tsx(91,116): error TS2554: Expected 2-4 arguments, but got 5.
src/contexts/DrinkContext.tsx(92,24): error TS2345: Argument of type '(prev: Streak[]) => (Streak | { id: void; userId: string; userName?: string | undefined; drinkId: string | number; drinkName: string; price: number; amount: number; timestamp: Date; period_id?: string | undefined; })[]' is not assignable to parameter of type 'SetStateAction<Streak[]>'.
  Type '(prev: Streak[]) => (Streak | { id: void; userId: string; userName?: string | undefined; drinkId: string | number; drinkName: string; price: number; amount: number; timestamp: Date; period_id?: string | undefined; })[]' is not assignable to type '(prevState: Streak[]) => Streak[]'.
    Type '(Streak | { id: void; userId: string; userName?: string | undefined; drinkId: string | number; drinkName: string; price: number; amount: number; timestamp: Date; period_id?: string | undefined; })[]' is not assignable to type 'Streak[]'.
      Type 'Streak | { id: void; userId: string; userName?: string | undefined; drinkId: string | number; drinkName: string; price: number; amount: number; timestamp: Date; period_id?: string | undefined; }' is not assignable to type 'Streak'.
        Type '{ id: void; userId: string; userName?: string; drinkId: string | number; drinkName: string; price: number; amount: number; timestamp: Date; period_id?: string; }' is not assignable to type 'Streak'.
          Types of property 'id' are incompatible.
            Type 'void' is not assignable to type 'string'.
src/contexts/DrinkContext.tsx(159,101): error TS2554: Expected 2-4 arguments, but got 5.
src/contexts/DrinkContext.tsx(160,18): error TS2345: Argument of type '(prev: Streak[]) => (Streak | { id: void; userId: string; userName?: string | undefined; drinkId: string | number; drinkName: string; price: number; amount: number; timestamp: Date; period_id?: string | undefined; })[]' is not assignable to parameter of type 'SetStateAction<Streak[]>'.
  Type '(prev: Streak[]) => (Streak | { id: void; userId: string; userName?: string | undefined; drinkId: string | number; drinkName: string; price: number; amount: number; timestamp: Date; period_id?: string | undefined; })[]' is not assignable to type '(prevState: Streak[]) => Streak[]'.
    Type '(Streak | { id: void; userId: string; userName?: string | undefined; drinkId: string | number; drinkName: string; price: number; amount: number; timestamp: Date; period_id?: string | undefined; })[]' is not assignable to type 'Streak[]'.
      Type 'Streak | { id: void; userId: string; userName?: string | undefined; drinkId: string | number; drinkName: string; price: number; amount: number; timestamp: Date; period_id?: string | undefined; }' is not assignable to type 'Streak'.
        Type '{ id: void; userId: string; userName?: string; drinkId: string | number; drinkName: string; price: number; amount: number; timestamp: Date; period_id?: string; }' is not assignable to type 'Streak'.
          Types of property 'id' are incompatible.
            Type 'void' is not assignable to type 'string'.
