src/App.tsx(131,5): error TS2353: Object literal may only specify known properties, and 'avatar' does not exist in type 'User'.
src/App.tsx(411,37): error TS2551: Property 'quickDrinkId' does not exist on type 'User'. Did you mean 'quick_drink_id'?
src/App.tsx(603,31): error TS2353: Object literal may only specify known properties, and 'authorId' does not exist in type 'QuoteItem'.
src/contexts/AgendaContext.tsx(182,25): error TS2353: Object literal may only specify known properties, and 'authorId' does not exist in type 'QuoteItem'.
src/contexts/AuthContext.tsx(59,9): error TS2739: Type '{ id: string; naam: any; name: any; email: string; rol: "standaard"; actief: true; roles: never[]; }' is missing the following properties from type 'User': quick_drink_id, created_at, avatar_url, nickname
src/contexts/AuthContext.tsx(69,18): error TS2345: Argument of type '(User | null)[]' is not assignable to parameter of type 'SetStateAction<User[]>'.
  Type '(User | null)[]' is not assignable to type 'User[]'.
    Type 'User | null' is not assignable to type 'User'.
      Type 'null' is not assignable to type 'User'.
src/contexts/DrinkContext.tsx(178,33): error TS2551: Property 'quickDrinkId' does not exist on type 'User'. Did you mean 'quick_drink_id'?
src/lib/roleUtils.ts(38,9): error TS2367: This comparison appears to be unintentional because the types '"admin" | "team_drank" | "standaard" | "sfeerbeheer" | "godmode" | "team drank"' and '"winkeltje"' have no overlap.
src/lib/supabaseService.ts(38,13): error TS2345: Argument of type 'Partial<{ naam: string; nickname: string; avatar_url: string; rol: string; actief: boolean; quick_drink_id: string | null; roles: string[]; }>' is not assignable to parameter of type '{ actief?: boolean | undefined; avatar_url?: string | null | undefined; created_at?: string | undefined; email?: string | undefined; id?: string | undefined; naam?: string | undefined; nickname?: string | ... 1 more ... | undefined; quick_drink_id?: string | ... 1 more ... | undefined; rol?: "admin" | ... 5 more ......'.
  Types of property 'rol' are incompatible.
    Type 'string | undefined' is not assignable to type '"admin" | "team_drank" | "standaard" | "sfeerbeheer" | "godmode" | "team drank" | undefined'.
      Type 'string' is not assignable to type '"admin" | "team_drank" | "standaard" | "sfeerbeheer" | "godmode" | "team drank" | undefined'.
src/lib/supabaseService.ts(52,5): error TS2353: Object literal may only specify known properties, and 'avatar' does not exist in type 'User'.
src/lib/supabaseService.ts(94,3): error TS2322: Type '{ id: string; name: string; price: number; icon: undefined; isTemporary: boolean; validUntil: string | undefined; }[]' is not assignable to type 'Drink[]'.
  Type '{ id: string; name: string; price: number; icon: undefined; isTemporary: boolean; validUntil: string | undefined; }' is missing the following properties from type 'Drink': created_at, naam, categorie, huidige_voorraad, and 3 more.
src/lib/supabaseService.ts(111,101): error TS2322: Type 'string | null' is not assignable to type 'string | undefined'.
  Type 'null' is not assignable to type 'string | undefined'.
src/lib/supabaseService.ts(118,15): error TS2345: Argument of type 'string | number' is not assignable to parameter of type 'string'.
  Type 'number' is not assignable to type 'string'.
src/lib/supabaseService.ts(126,15): error TS2345: Argument of type 'string | number' is not assignable to parameter of type 'string'.
  Type 'number' is not assignable to type 'string'.
src/lib/supabaseService.ts(240,3): error TS2322: Type '{ id: string; title: string; date: Date; location: string; type: string; startTime: string; endTime: string | undefined; responsible: string | undefined; description: string | undefined; }[]' is not assignable to type 'Event[]'.
  Type '{ id: string; title: string; date: Date; location: string; type: string; startTime: string; endTime: string | undefined; responsible: string | undefined; description: string | undefined; }' is missing the following properties from type 'Event': created_at, titel, beschrijving, end_time, and 3 more.
src/lib/supabaseService.ts(258,20): error TS2551: Property 'location' does not exist on type 'Event'. Did you mean 'locatie'?
src/lib/supabaseService.ts(263,25): error TS2339: Property 'description' does not exist on type 'Event'.
src/lib/supabaseService.ts(295,5): error TS2561: Object literal may only specify known properties, but 'location' does not exist in type 'Event'. Did you mean to write 'locatie'?
src/lib/supabaseService.ts(325,3): error TS2322: Type '{ id: string; text: string; authorId: string; authorName: string; context: string | undefined; date: Date; likes: string[]; dislikes: string[]; addedBy: string; }[]' is not assignable to type 'QuoteItem[]'.
  Type '{ id: string; text: string; authorId: string; authorName: string; context: string | undefined; date: Date; likes: string[]; dislikes: string[]; addedBy: string; }' is missing the following properties from type 'QuoteItem': toegevoegd_door, created_at, auteur, upvotes
src/lib/supabaseService.ts(351,5): error TS2353: Object literal may only specify known properties, and 'authorId' does not exist in type 'QuoteItem'.
src/lib/supabaseService.ts(510,3): error TS2322: Type '{ id: string; userId: string; userName: string; items: string | number | true | { [key: string]: Json | undefined; } | Json[]; totalPrice: number; date: Date; status: "pending" | "completed"; periodId: string | null; }[]' is not assignable to type 'Order[]'.
  Type '{ id: string; userId: string; userName: string; items: string | number | true | { [key: string]: Json | undefined; } | Json[]; totalPrice: number; date: Date; status: "pending" | "completed"; periodId: string | null; }' is not assignable to type 'Order'.
    Types of property 'items' are incompatible.
      Type 'string | number | true | { [key: string]: Json | undefined; } | Json[]' is not assignable to type 'CartItem[]'.
        Type 'string' is not assignable to type 'CartItem[]'.
src/lib/supabaseService.ts(532,3): error TS2322: Type '{ id: string; name: string; price: number; category: any; description: string | undefined; }[]' is not assignable to type 'FryItem[]'.
  Property 'created_at' is missing in type '{ id: string; name: string; price: number; category: any; description: string | undefined; }' but required in type 'FryItem'.
src/lib/supabaseService.ts(624,3): error TS2322: Type '{ id: string; playerIds: string[]; winnerIds: string[]; timestamp: Date; }[]' is not assignable to type 'BierpongGame[]'.
  Property 'winner_id' is missing in type '{ id: string; playerIds: string[]; winnerIds: string[]; timestamp: Date; }' but required in type 'BierpongGame'.
src/lib/supabaseService.ts(635,6): error TS2769: No overload matches this call.
  Overload 1 of 2, '(values: { created_at?: string | undefined; id?: string | undefined; player_ids: string[]; winner_id: string; winner_ids?: string[] | null | undefined; }, options?: { count?: "exact" | "planned" | "estimated" | undefined; } | undefined): PostgrestFilterBuilder<...>', gave the following error.
    Argument of type '{ player_ids: string[]; winner_ids: string[]; }[]' is not assignable to parameter of type '{ created_at?: string | undefined; id?: string | undefined; player_ids: string[]; winner_id: string; winner_ids?: string[] | null | undefined; }'.
      Type '{ player_ids: string[]; winner_ids: string[]; }[]' is missing the following properties from type '{ created_at?: string | undefined; id?: string | undefined; player_ids: string[]; winner_id: string; winner_ids?: string[] | null | undefined; }': player_ids, winner_id
  Overload 2 of 2, '(values: { created_at?: string | undefined; id?: string | undefined; player_ids: string[]; winner_id: string; winner_ids?: string[] | null | undefined; }[], options?: { count?: "exact" | "planned" | "estimated" | undefined; defaultToNull?: boolean | undefined; } | undefined): PostgrestFilterBuilder<...>', gave the following error.
    Property 'winner_id' is missing in type '{ player_ids: string[]; winner_ids: string[]; }' but required in type '{ created_at?: string | undefined; id?: string | undefined; player_ids: string[]; winner_id: string; winner_ids?: string[] | null | undefined; }'.
src/lib/supabaseService.ts(642,5): error TS2322: Type 'string[] | null' is not assignable to type 'string[]'.
  Type 'null' is not assignable to type 'string[]'.
src/lib/supabaseService.ts(675,3): error TS2322: Type '{ id: number; name: string; label: string; category: string; count: number; unit: string; exp: string; urgent: boolean; icon: string; color: string; _supabaseId: string; }[]' is not assignable to type 'StockItem[]'.
  Type '{ id: number; name: string; label: string; category: string; count: number; unit: string; exp: string; urgent: boolean; icon: string; color: string; _supabaseId: string; }' is missing the following properties from type 'StockItem': created_at, expiry_date
src/lib/supabaseService.ts(693,6): error TS2769: No overload matches this call.
  Overload 1 of 2, '(values: { category?: string | null | undefined; color?: string | null | undefined; count?: number | undefined; created_at?: string | undefined; expiry_date?: string | null | undefined; icon?: string | ... 1 more ... | undefined; ... 4 more ...; urgent?: boolean | ... 1 more ... | undefined; }, options?: { ...; } | undefined): PostgrestFilterBuilder<...>', gave the following error.
    Argument of type '{ name: string | undefined; label: string | null | undefined; category: string | null | undefined; count: number | undefined; unit: string | null | undefined; expiry_date: any; urgent: boolean | undefined; icon: string | ... 1 more ... | undefined; color: string | ... 1 more ... | undefined; }[]' is not assignable to parameter of type '{ category?: string | null | undefined; color?: string | null | undefined; count?: number | undefined; created_at?: string | undefined; expiry_date?: string | null | undefined; icon?: string | ... 1 more ... | undefined; ... 4 more ...; urgent?: boolean | ... 1 more ... | undefined; }'.
      Property 'name' is missing in type '{ name: string | undefined; label: string | null | undefined; category: string | null | undefined; count: number | undefined; unit: string | null | undefined; expiry_date: any; urgent: boolean | undefined; icon: string | ... 1 more ... | undefined; color: string | ... 1 more ... | undefined; }[]' but required in type '{ category?: string | null | undefined; color?: string | null | undefined; count?: number | undefined; created_at?: string | undefined; expiry_date?: string | null | undefined; icon?: string | ... 1 more ... | undefined; ... 4 more ...; urgent?: boolean | ... 1 more ... | undefined; }'.
  Overload 2 of 2, '(values: { category?: string | null | undefined; color?: string | null | undefined; count?: number | undefined; created_at?: string | undefined; expiry_date?: string | null | undefined; icon?: string | ... 1 more ... | undefined; ... 4 more ...; urgent?: boolean | ... 1 more ... | undefined; }[], options?: { ...; } | undefined): PostgrestFilterBuilder<...>', gave the following error.
    Type 'string | undefined' is not assignable to type 'string'.
      Type 'undefined' is not assignable to type 'string'.
src/lib/supabaseService.ts(699,25): error TS2339: Property 'exp' does not exist on type 'Partial<StockItem>'.
src/lib/supabaseService.ts(947,3): error TS2322: Type 'Json' is not assignable to type '{ closed_period_id: string | null; new_period_id: string; }'.
  Type 'null' is not assignable to type '{ closed_period_id: string | null; new_period_id: string; }'.
src/lib/supabaseService.ts(974,3): error TS2322: Type '{ id: any; user_id: any; period_id: any; correctie_bedrag: number; notitie: any; created_at: any; }[]' is not assignable to type '{ correctie_bedrag: number; created_at: string; id: string; notitie: string | null; period_id: string; user_id: string; user_naam: string | null; }[]'.
  Property 'user_naam' is missing in type '{ id: any; user_id: any; period_id: any; correctie_bedrag: number; notitie: any; created_at: any; }' but required in type '{ correctie_bedrag: number; created_at: string; id: string; notitie: string | null; period_id: string; user_id: string; user_naam: string | null; }'.
src/lib/supabaseService.ts(1009,5): error TS2322: Type 'string | undefined' is not assignable to type 'string | null'.
  Type 'undefined' is not assignable to type 'string | null'.
src/lib/supabaseService.ts(1067,17): error TS2769: No overload matches this call.
  Overload 1 of 2, '(values: { category: string; created_at?: string | undefined; id?: string | undefined; image_url?: string | null | undefined; name: string; }, options?: { onConflict?: string | undefined; ignoreDuplicates?: boolean | undefined; count?: "exact" | ... 2 more ... | undefined; } | undefined): PostgrestFilterBuilder<...>', gave the following error.
    Argument of type 'Partial<ShopProduct>' is not assignable to parameter of type '{ category: string; created_at?: string | undefined; id?: string | undefined; image_url?: string | null | undefined; name: string; }'.
      Types of property 'category' are incompatible.
        Type 'string | undefined' is not assignable to type 'string'.
          Type 'undefined' is not assignable to type 'string'.
  Overload 2 of 2, '(values: { category: string; created_at?: string | undefined; id?: string | undefined; image_url?: string | null | undefined; name: string; }[], options?: { onConflict?: string | undefined; ignoreDuplicates?: boolean | undefined; count?: "exact" | ... 2 more ... | undefined; defaultToNull?: boolean | undefined; } | undefined): PostgrestFilterBuilder<...>', gave the following error.
    Argument of type 'Partial<ShopProduct>' is not assignable to parameter of type '{ category: string; created_at?: string | undefined; id?: string | undefined; image_url?: string | null | undefined; name: string; }[]'.
      Type 'Partial<ShopProduct>' is missing the following properties from type '{ category: string; created_at?: string | undefined; id?: string | undefined; image_url?: string | null | undefined; name: string; }[]': length, pop, push, concat, and 29 more.
src/lib/useRealtime.ts(125,17): error TS2741: Property 'winner_id' is missing in type '{ id: any; playerIds: any; winnerIds: any; timestamp: Date; }' but required in type 'BierpongGame'.
src/screens/AgendaManageScreen.tsx(70,23): error TS2551: Property 'location' does not exist on type 'Event'. Did you mean 'locatie'?
src/screens/AgendaManageScreen.tsx(72,26): error TS2339: Property 'description' does not exist on type 'Event'.
src/screens/AgendaManageScreen.tsx(118,7): error TS2561: Object literal may only specify known properties, but 'location' does not exist in type 'Event'. Did you mean to write 'locatie'?
src/screens/AgendaManageScreen.tsx(242,75): error TS2551: Property 'location' does not exist on type 'Event'. Did you mean 'locatie'?
src/screens/AgendaScreen.tsx(224,30): error TS2339: Property 'description' does not exist on type 'Event'.
src/screens/AgendaScreen.tsx(224,113): error TS2339: Property 'description' does not exist on type 'Event'.
src/screens/AgendaScreen.tsx(232,34): error TS2551: Property 'location' does not exist on type 'Event'. Did you mean 'locatie'?
src/screens/BierpongManageScreen.tsx(21,81): error TS2339: Property 'avatar' does not exist on type 'User'.
src/screens/BierpongManageScreen.tsx(136,47): error TS2339: Property 'avatar' does not exist on type 'User'.
src/screens/BierpongManageScreen.tsx(137,60): error TS2339: Property 'avatar' does not exist on type 'User'.
src/screens/BierpongScreen.tsx(141,62): error TS2339: Property 'avatar' does not exist on type 'User'.
src/screens/BierpongScreen.tsx(416,41): error TS2339: Property 'avatar' does not exist on type 'User'.
src/screens/BierpongScreen.tsx(417,52): error TS2339: Property 'avatar' does not exist on type 'User'.
src/screens/BierpongScreen.tsx(427,92): error TS2551: Property 'role' does not exist on type 'User'. Did you mean 'roles'?
src/screens/BierpongScreen.tsx(463,40): error TS2339: Property 'avatar' does not exist on type 'User'.
src/screens/BierpongScreen.tsx(463,70): error TS2339: Property 'avatar' does not exist on type 'User'.
src/screens/BierpongScreen.tsx(467,39): error TS2339: Property 'avatar' does not exist on type 'User'.
src/screens/BierpongScreen.tsx(467,68): error TS2339: Property 'avatar' does not exist on type 'User'.
src/screens/BierpongScreen.tsx(521,21): error TS2339: Property 'avatar' does not exist on type 'User'.
src/screens/BierpongScreen.tsx(522,31): error TS2339: Property 'avatar' does not exist on type 'User'.
src/screens/BierpongScreen.tsx(589,39): error TS2339: Property 'avatar' does not exist on type 'User'.
src/screens/BierpongScreen.tsx(590,49): error TS2339: Property 'avatar' does not exist on type 'User'.
src/screens/BierpongScreen.tsx(631,36): error TS2339: Property 'avatar' does not exist on type 'User'.
src/screens/BierpongScreen.tsx(631,57): error TS2339: Property 'avatar' does not exist on type 'User'.
src/screens/BierpongScreen.tsx(703,36): error TS2339: Property 'avatar' does not exist on type 'User'.
src/screens/BierpongScreen.tsx(703,57): error TS2339: Property 'avatar' does not exist on type 'User'.
src/screens/FriesScreen.tsx(119,28): error TS2345: Argument of type '{ name: string; price: number; category: "frieten" | "snacks" | "sauzen" | "huisbereid" | "burgers" | "spaghetti"; }' is not assignable to parameter of type 'Omit<FryItem, "id">'.
  Type '{ name: string; price: number; category: "frieten" | "snacks" | "sauzen" | "huisbereid" | "burgers" | "spaghetti"; }' is missing the following properties from type 'Omit<FryItem, "id">': created_at, description
src/screens/FriesScreen.tsx(136,30): error TS2339: Property 'avatar' does not exist on type 'User'.
src/screens/FriesScreen.tsx(137,133): error TS2551: Property 'role' does not exist on type 'User'. Did you mean 'roles'?
src/screens/HomeScreen.tsx(22,76): error TS2551: Property 'quickDrinkId' does not exist on type 'User'. Did you mean 'quick_drink_id'?
src/screens/HomeScreen.tsx(130,31): error TS2339: Property 'avatar' does not exist on type 'User'.
src/screens/HomeScreen.tsx(328,100): error TS2551: Property 'location' does not exist on type 'Event'. Did you mean 'locatie'?
src/screens/NudgeSelectorScreen.tsx(85,38): error TS2339: Property 'avatar' does not exist on type 'User'.
src/screens/NudgeSelectorScreen.tsx(92,66): error TS2551: Property 'role' does not exist on type 'User'. Did you mean 'roles'?
src/screens/QuotesScreen.tsx(170,59): error TS2339: Property 'authorId' does not exist on type 'QuoteItem'.
src/screens/QuotesScreen.tsx(214,38): error TS2339: Property 'avatar' does not exist on type 'User'.
src/screens/QuotesScreen.tsx(333,41): error TS2339: Property 'avatar' does not exist on type 'User'.
src/screens/RolesManageScreen.tsx(150,19): error TS2345: Argument of type '(prevUsers: User[]) => (User | { nickname: undefined; id: string; name: string; roles?: string[] | undefined; status?: "online" | "offline" | undefined; balance?: number | undefined; ... 6 more ...; rol: "admin" | ... 4 more ... | "team drank"; })[]' is not assignable to parameter of type 'SetStateAction<User[]>'.
  Type '(prevUsers: User[]) => (User | { nickname: undefined; id: string; name: string; roles?: string[] | undefined; status?: "online" | "offline" | undefined; balance?: number | undefined; ... 6 more ...; rol: "admin" | ... 4 more ... | "team drank"; })[]' is not assignable to type '(prevState: User[]) => User[]'.
    Type '(User | { nickname: undefined; id: string; name: string; roles?: string[] | undefined; status?: "online" | "offline" | undefined; balance?: number | undefined; quick_drink_id: string | null; ... 5 more ...; rol: "admin" | ... 4 more ... | "team drank"; })[]' is not assignable to type 'User[]'.
      Type 'User | { nickname: undefined; id: string; name: string; roles?: string[] | undefined; status?: "online" | "offline" | undefined; balance?: number | undefined; quick_drink_id: string | null; ... 5 more ...; rol: "admin" | ... 4 more ... | "team drank"; }' is not assignable to type 'User'.
        Type '{ nickname: undefined; id: string; name: string; roles?: string[]; status?: "online" | "offline"; balance?: number; quick_drink_id: string | null; created_at: string; naam: string; actief: boolean; avatar_url: string | null; email: string; rol: Database["public"]["Enums"]["user_role"]; }' is not assignable to type 'User'.
          Types of property 'nickname' are incompatible.
            Type 'undefined' is not assignable to type 'string | null'.
src/screens/RolesManageScreen.tsx(156,23): error TS2345: Argument of type '(prev: User | null) => { nickname: undefined; id: string; name: string; roles?: string[]; status?: "online" | "offline"; balance?: number; quick_drink_id: string | null; created_at: string; ... 4 more ...; rol: Database["public"]["Enums"]["user_role"]; } | null' is not assignable to parameter of type 'SetStateAction<User | null>'.
  Type '(prev: User | null) => { nickname: undefined; id: string; name: string; roles?: string[]; status?: "online" | "offline"; balance?: number; quick_drink_id: string | null; created_at: string; ... 4 more ...; rol: Database["public"]["Enums"]["user_role"]; } | null' is not assignable to type '(prevState: User | null) => User | null'.
    Type '{ nickname: undefined; id: string; name: string; roles?: string[] | undefined; status?: "online" | "offline" | undefined; balance?: number | undefined; quick_drink_id: string | null; created_at: string; ... 4 more ...; rol: "admin" | ... 4 more ... | "team drank"; } | null' is not assignable to type 'User | null'.
      Type '{ nickname: undefined; id: string; name: string; roles?: string[]; status?: "online" | "offline"; balance?: number; quick_drink_id: string | null; created_at: string; naam: string; actief: boolean; avatar_url: string | null; email: string; rol: Database["public"]["Enums"]["user_role"]; }' is not assignable to type 'User'.
        Types of property 'nickname' are incompatible.
          Type 'undefined' is not assignable to type 'string | null'.
src/screens/RolesManageScreen.tsx(356,27): error TS2339: Property 'avatar' does not exist on type 'User'.
src/screens/RolesManageScreen.tsx(357,38): error TS2339: Property 'avatar' does not exist on type 'User'.
src/screens/SettingsScreen.tsx(21,26): error TS2339: Property 'avatar' does not exist on type 'User'.
src/screens/SettingsScreen.tsx(22,9): error TS2322: Type 'string | null' is not assignable to type 'string | undefined'.
  Type 'null' is not assignable to type 'string | undefined'.
src/screens/SettingsScreen.tsx(31,53): error TS2339: Property 'avatar' does not exist on type 'User'.
src/screens/SettingsScreen.tsx(36,28): error TS2339: Property 'avatar' does not exist on type 'User'.
src/screens/StrepenHistoryScreen.tsx(53,59): error TS2339: Property 'avatar' does not exist on type 'User'.
src/screens/StrepenHistoryScreen.tsx(55,19): error TS2339: Property 'avatar' does not exist on type 'User'.
src/screens/StrepenScreen.tsx(63,67): error TS2339: Property 'avatar' does not exist on type 'User'.
src/screens/StrepenScreen.tsx(231,298): error TS2551: Property 'quickDrinkId' does not exist on type 'User'. Did you mean 'quick_drink_id'?
src/screens/StrepenScreen.tsx(233,40): error TS2551: Property 'quickDrinkId' does not exist on type 'User'. Did you mean 'quick_drink_id'?
src/screens/TeamDrankArchiveScreen.tsx(112,43): error TS2339: Property 'avatar' does not exist on type 'User'.
src/screens/TeamDrankBillingScreen.tsx(412,39): error TS2339: Property 'avatar' does not exist on type '{ userStrepen: number; berekendBedrag: number; totalCorrection: number; totaalSchuld: number; isPaid: boolean; effectiveDebt: number; id: string; name: string; roles?: string[] | undefined; status?: "online" | ... 1 more ... | undefined; ... 8 more ...; rol: "admin" | ... 4 more ... | "team drank"; }'.
src/screens/TeamDrankExcelBeheerScreen.tsx(96,33): error TS2551: Property 'category' does not exist on type 'Drink'. Did you mean 'categorie'?
src/screens/TeamDrankStockScreen.tsx(53,9): error TS2322: Type 'string | null' is not assignable to type 'string'.
  Type 'null' is not assignable to type 'string'.
src/screens/TeamDrankStockScreen.tsx(55,9): error TS2322: Type 'string | null' is not assignable to type 'string'.
  Type 'null' is not assignable to type 'string'.
src/screens/TeamDrankStockScreen.tsx(56,19): error TS2339: Property 'exp' does not exist on type 'StockItem'.
src/screens/TeamDrankStockScreen.tsx(57,9): error TS2322: Type 'string | null' is not assignable to type 'string'.
  Type 'null' is not assignable to type 'string'.
src/screens/TeamDrankStockScreen.tsx(84,9): error TS2322: Type 'number' is not assignable to type 'string'.
src/screens/TeamDrankStockScreen.tsx(108,11): error TS2740: Type '{ id: string; name: string; price: number; isTemporary: true; validUntil: string; icon: string; }' is missing the following properties from type 'Drink': created_at, naam, categorie, huidige_voorraad, and 3 more.
src/screens/TeamDrankStockScreen.tsx(221,107): error TS2367: This comparison appears to be unintentional because the types 'string' and 'number' have no overlap.
src/screens/TeamDrankStockScreen.tsx(222,77): error TS2367: This comparison appears to be unintentional because the types 'string' and 'number' have no overlap.
src/screens/TeamDrankStockScreen.tsx(238,46): error TS2339: Property 'exp' does not exist on type 'StockItem'.
src/types.ts(21,18): error TS2430: Interface 'User' incorrectly extends interface 'Omit<{ actief: boolean; avatar_url: string | null; created_at: string; email: string; id: string; naam: string; nickname: string | null; quick_drink_id: string | null; rol: "admin" | "team_drank" | "standaard" | "sfeerbeheer" | "godmode" | "team drank"; roles: string[] | null; }, "id">'.
  Types of property 'roles' are incompatible.
    Type 'string[] | undefined' is not assignable to type 'string[] | null'.
      Type 'undefined' is not assignable to type 'string[] | null'.
src/types.ts(107,18): error TS2430: Interface 'StockItem' incorrectly extends interface '{ category: string | null; color: string | null; count: number; created_at: string; expiry_date: string | null; icon: string | null; id: string; label: string | null; name: string; unit: string | null; urgent: boolean | null; }'.
  Types of property 'urgent' are incompatible.
    Type 'boolean | undefined' is not assignable to type 'boolean | null'.
      Type 'undefined' is not assignable to type 'boolean | null'.
